<?xml version="1.0" encoding="UTF-8"?>
<testsuites name="jest tests" tests="1" failures="0" errors="0" time="3.702">
  <testsuite name="src\components\Header\tests\header.test.js" errors="0" failures="0" skipped="1" timestamp="2024-03-23T19:25:12" time="1.972" tests="1">
    <testcase classname="Header-render Header component" name="Header-render Header component" time="0">
      <skipped/>
    </testcase>
  </testsuite>
</testsuites>